2013-06-27T18:37:05.267781+00:00 heroku[router]: at=info method=GET path=/ host=dry-river-2020.herokuapp.com fwd="24.148.5.117" dyno=web.1 connect=1ms service=605ms status=200 bytes=39
2013-06-27T18:37:05.820223+00:00 heroku[router]: at=info method=GET path=/favicon.ico host=dry-river-2020.herokuapp.com fwd="24.148.5.117" dyno=web.1 connect=1ms service=138ms status=404 bytes=96
2013-06-27T18:37:54+00:00 heroku[slug-compiler]: Slug compilation started
2013-06-27T18:39:07.535922+00:00 heroku[web.1]: Stopping all processes with SIGTERM
2013-06-27T18:39:08.197038+00:00 app[web.1]: 2013-06-27 13:39:08 [7] [INFO] Worker exiting (pid: 7)
2013-06-27T18:39:08.198194+00:00 app[web.1]: 2013-06-27 18:39:08 [2] [INFO] Handling signal: term
2013-06-27T18:39:08.204273+00:00 app[web.1]: 2013-06-27 18:39:08 [2] [INFO] Shutting down: Master
2013-06-27T18:39:09.570405+00:00 heroku[web.1]: Process exited with status 0
2013-06-27T18:40:25.228892+00:00 heroku[api]: Deploy eb85319 by zfreeman.nu@gmail.com
2013-06-27T18:40:25.279894+00:00 heroku[api]: Release v49 created by zfreeman.nu@gmail.com
2013-06-27T18:40:25.328107+00:00 heroku[api]: Deploy eb85319 by zfreeman.nu@gmail.com
2013-06-27T18:40:25+00:00 heroku[slug-compiler]: Slug compilation finished
2013-06-27T18:40:25.595042+00:00 heroku[web.1]: State changed from up to starting
2013-06-27T18:40:29.400072+00:00 heroku[web.1]: Stopping all processes with SIGTERM
2013-06-27T18:40:29.786237+00:00 heroku[web.1]: Starting process with command `gunicorn hellodjango.wsgi`
2013-06-27T18:40:30.327634+00:00 app[web.1]: 2013-06-27 13:40:30 [7] [INFO] Worker exiting (pid: 7)
2013-06-27T18:40:30.334638+00:00 app[web.1]: 2013-06-27 18:40:30 [2] [INFO] Handling signal: term
2013-06-27T18:40:30.342174+00:00 app[web.1]: 2013-06-27 18:40:30 [2] [INFO] Shutting down: Master
2013-06-27T18:40:31.508097+00:00 app[web.1]: 2013-06-27 18:40:31 [2] [INFO] Starting gunicorn 0.17.4
2013-06-27T18:40:31.509519+00:00 app[web.1]: 2013-06-27 18:40:31 [2] [INFO] Using worker: sync
2013-06-27T18:40:31.509255+00:00 app[web.1]: 2013-06-27 18:40:31 [2] [INFO] Listening at: http://0.0.0.0:23135 (2)
2013-06-27T18:40:31.525131+00:00 app[web.1]: 2013-06-27 18:40:31 [7] [INFO] Booting worker with pid: 7
2013-06-27T18:40:31.592331+00:00 heroku[web.1]: Process exited with status 0
2013-06-27T18:40:31.765945+00:00 heroku[web.1]: State changed from starting to up
2013-06-27T18:45:17.255835+00:00 heroku[router]: at=info method=GET path=/ host=dry-river-2020.herokuapp.com fwd="24.148.5.117" dyno=web.1 connect=2ms service=4310ms status=200 bytes=1657
2013-06-27T18:45:17.829476+00:00 heroku[router]: at=info method=GET path=/favicon.ico host=dry-river-2020.herokuapp.com fwd="24.148.5.117" dyno=web.1 connect=0ms service=12ms status=404 bytes=96
2013-06-27T18:45:20.528649+00:00 heroku[router]: at=info method=GET path=/favicon.ico host=dry-river-2020.herokuapp.com fwd="24.148.5.117" dyno=web.1 connect=2ms service=9ms status=404 bytes=96
2013-06-27T18:45:20.153979+00:00 heroku[router]: at=info method=GET path=/a host=dry-river-2020.herokuapp.com fwd="24.148.5.117" dyno=web.1 connect=1ms service=4ms status=404 bytes=86
2013-06-27T18:45:22.748811+00:00 heroku[router]: at=info method=GET path=/favicon.ico host=dry-river-2020.herokuapp.com fwd="24.148.5.117" dyno=web.1 connect=0ms service=21ms status=404 bytes=96
2013-06-27T18:58:27+00:00 heroku[slug-compiler]: Slug compilation started
2013-06-27T18:59:32.849873+00:00 heroku[api]: Deploy 3225b52 by zfreeman.nu@gmail.com
2013-06-27T18:59:32.889079+00:00 heroku[api]: Release v50 created by zfreeman.nu@gmail.com
2013-06-27T18:59:32.924487+00:00 heroku[api]: Deploy 3225b52 by zfreeman.nu@gmail.com
2013-06-27T18:59:33.027754+00:00 heroku[web.1]: State changed from up to starting
2013-06-27T18:59:33+00:00 heroku[slug-compiler]: Slug compilation finished
2013-06-27T18:59:36.459200+00:00 heroku[web.1]: Stopping all processes with SIGTERM
2013-06-27T18:59:37.323662+00:00 app[web.1]: 2013-06-27 13:59:37 [7] [INFO] Worker exiting (pid: 7)
2013-06-27T18:59:37.420626+00:00 app[web.1]: 2013-06-27 18:59:37 [2] [INFO] Handling signal: term
2013-06-27T18:59:37.429838+00:00 app[web.1]: 2013-06-27 18:59:37 [2] [INFO] Shutting down: Master
2013-06-27T18:59:38.675037+00:00 heroku[web.1]: Process exited with status 0
2013-06-27T18:59:38.901790+00:00 heroku[web.1]: Starting process with command `gunicorn hellodjango.wsgi`
2013-06-27T18:59:45.855859+00:00 app[web.1]: 2013-06-27 18:59:45 [2] [INFO] Listening at: http://0.0.0.0:25547 (2)
2013-06-27T18:59:45.856203+00:00 app[web.1]: 2013-06-27 18:59:45 [2] [INFO] Using worker: sync
2013-06-27T18:59:45.852670+00:00 app[web.1]: 2013-06-27 18:59:45 [2] [INFO] Starting gunicorn 0.17.4
2013-06-27T18:59:45.891886+00:00 app[web.1]: 2013-06-27 18:59:45 [7] [INFO] Booting worker with pid: 7
2013-06-27T18:59:46.241126+00:00 heroku[web.1]: State changed from starting to up
2013-06-27T19:00:21.799969+00:00 heroku[api]: Starting process with command `python manage.py collectstatic` by zfreeman.nu@gmail.com
2013-06-27T19:00:29.070741+00:00 heroku[run.7763]: Awaiting client
2013-06-27T19:00:29.093441+00:00 heroku[run.7763]: Starting process with command `python manage.py collectstatic`
2013-06-27T19:00:33.600404+00:00 heroku[run.7763]: Client connection closed. Sending SIGHUP to all processes
2013-06-27T19:00:29.837260+00:00 heroku[run.7763]: State changed from starting to up
2013-06-27T19:00:34.924122+00:00 heroku[run.7763]: Process exited with status 0
2013-06-27T19:00:34.937012+00:00 heroku[run.7763]: State changed from up to complete
2013-06-27T19:00:47.546682+00:00 heroku[router]: at=info method=GET path=/ host=dry-river-2020.herokuapp.com fwd="24.148.5.117" dyno=web.1 connect=1ms service=9999ms status=200 bytes=1653
2013-06-27T19:00:48.275490+00:00 heroku[router]: at=info method=GET path=/favicon.ico host=dry-river-2020.herokuapp.com fwd="24.148.5.117" dyno=web.1 connect=0ms service=133ms status=404 bytes=1161
2013-06-27T19:00:50.677614+00:00 heroku[router]: at=info method=GET path=/a host=dry-river-2020.herokuapp.com fwd="24.148.5.117" dyno=web.1 connect=0ms service=7ms status=404 bytes=1159
2013-06-27T19:01:08.840087+00:00 heroku[router]: at=info method=GET path=/favicon.ico host=dry-river-2020.herokuapp.com fwd="24.148.5.117" dyno=web.1 connect=4ms service=17ms status=404 bytes=1165
2013-06-27T19:00:51.415306+00:00 heroku[router]: at=info method=GET path=/favicon.ico host=dry-river-2020.herokuapp.com fwd="24.148.5.117" dyno=web.1 connect=1ms service=25ms status=404 bytes=1165
2013-06-27T19:01:08.236131+00:00 heroku[router]: at=info method=GET path=/ host=dry-river-2020.herokuapp.com fwd="24.148.5.117" dyno=web.1 connect=1ms service=9ms status=200 bytes=1651
2013-06-27T19:03:04+00:00 heroku[slug-compiler]: Slug compilation started
2013-06-27T19:04:53.362171+00:00 heroku[api]: Deploy a8bb639 by zfreeman.nu@gmail.com
2013-06-27T19:04:53.399852+00:00 heroku[api]: Release v51 created by zfreeman.nu@gmail.com
2013-06-27T19:04:53.437367+00:00 heroku[api]: Deploy a8bb639 by zfreeman.nu@gmail.com
2013-06-27T19:04:53.536627+00:00 heroku[web.1]: State changed from up to starting
2013-06-27T19:04:56+00:00 heroku[slug-compiler]: Slug compilation finished
2013-06-27T19:04:58.065028+00:00 heroku[web.1]: Starting process with command `gunicorn hellodjango.wsgi`
2013-06-27T19:04:59.210689+00:00 heroku[web.1]: Stopping all processes with SIGTERM
2013-06-27T19:05:00.214118+00:00 app[web.1]: 2013-06-27 14:05:00 [7] [INFO] Worker exiting (pid: 7)
2013-06-27T19:05:00.250776+00:00 app[web.1]: 2013-06-27 19:05:00 [2] [INFO] Handling signal: term
2013-06-27T19:05:00.277882+00:00 app[web.1]: 2013-06-27 19:05:00 [2] [INFO] Shutting down: Master
2013-06-27T19:05:02.247859+00:00 heroku[web.1]: Process exited with status 0
2013-06-27T19:05:02.602566+00:00 app[web.1]: 2013-06-27 19:05:02 [2] [INFO] Starting gunicorn 0.17.4
2013-06-27T19:05:02.603236+00:00 app[web.1]: 2013-06-27 19:05:02 [2] [INFO] Listening at: http://0.0.0.0:40161 (2)
2013-06-27T19:05:02.603309+00:00 app[web.1]: 2013-06-27 19
:05:02 [2] [INFO] Using worker: sync
2013-06-27T19:05:02.632415+00:00 app[web.1]: 2013-06-27 19:05:02 [7] [INFO] Booting worker with pid: 7
2013-06-27T19:05:02.935127+00:00 heroku[web.1]: State changed from starting to up
2013-06-27T19:06:36.829768+00:00 heroku[api]: Starting process with command `python manage.py collectstatic` by zfreeman.nu@gmail.com
2013-06-27T19:06:40.807903+00:00 heroku[run.2213]: Awaiting client
2013-06-27T19:06:40.855720+00:00 heroku[run.2213]: Starting process with command `python manage.py collectstatic`
2013-06-27T19:06:41.655146+00:00 heroku[run.2213]: State changed from starting to up
2013-06-27T19:06:46.715009+00:00 heroku[run.2213]: Process exited with status 0
2013-06-27T19:06:46.722856+00:00 heroku[run.2213]: State changed from up to complete
2013-06-27T19:06:49.528872+00:00 heroku[router]: at=info method=GET path=/ host=dry-river-2020.herokuapp.com fwd="24.148.5.117" dyno=web.1 connect=3ms service=539ms status=200 bytes=1651
2013-06-27T19:06:50.106007+00:00 heroku[router]: at=info method=GET path=/favicon.ico host=dry-river-2020.herokuapp.com fwd="24.148.5.117" dyno=web.1 connect=2ms service=12ms status=404 bytes=1161
2013-06-27T19:06:52.587410+00:00 heroku[router]: at=info method=GET path=/a host=dry-river-2020.herokuapp.com fwd="24.148.5.117" dyno=web.1 connect=2ms service=14ms status=404 bytes=1159
2013-06-27T19:06:53.295203+00:00 heroku[router]: at=info method=GET path=/favicon.ico host=dry-river-2020.herokuapp.com fwd="24.148.5.117" dyno=web.1 connect=2ms service=18ms status=404 bytes=1159
2013-06-27T19:07:11.248322+00:00 heroku[router]: at=info method=GET path=/favicon.ico host=dry-river-2020.herokuapp.com fwd="24.148.5.117" dyno=web.1 connect=6ms service=23ms status=404 bytes=1165
2013-06-27T19:13:25.507709+00:00 heroku[router]: at=info method=GET path=/ host=dry-river-2020.herokuapp.com fwd="24.148.5.117" dyno=web.1 connect=4ms service=19ms status=200 bytes=1651
2013-06-27T19:13:26.365159+00:00 heroku[router]: at=info method=GET path=/favicon.ico host=dry-river-2020.herokuapp.com fwd="24.148.5.117" dyno=web.1 connect=3ms service=11ms status=404 bytes=1163
2013-06-27T19:52:09.157449+00:00 heroku[router]: at=info method=GET path=/favicon.ico host=dry-river-2020.herokuapp.com fwd="66.87.88.106" dyno=web.1 connect=5ms service=15ms status=404 bytes=1163
2013-06-27T19:52:06.884517+00:00 heroku[router]: at=info method=GET path=/ host=dry-river-2020.herokuapp.com fwd="66.87.88.106" dyno=web.1 connect=12ms service=32ms status=200 bytes=1651
2013-06-27T19:58:56.193339+00:00 heroku[router]: at=info method=GET path=/ host=dry-river-2020.herokuapp.com fwd="208.85.211.196" dyno=web.1 connect=0ms service=9ms status=200 bytes=1653
2013-06-27T19:59:00.081748+00:00 heroku[router]: at=info method=GET path=/ host=dry-river-2020.herokuapp.com fwd="24.148.5.117" dyno=web.1 connect=4ms service=35ms status=200 bytes=1651
2013-06-27T19:59:00.976132+00:00 heroku[router]: at=info method=GET path=/favicon.ico host=dry-river-2020.herokuapp.com fwd="24.148.5.117" dyno=web.1 connect=1ms service=14ms status=404 bytes=1165
2013-06-27T19:58:57.643304+00:00 heroku[router]: at=info method=GET path=/favicon.ico host=dry-river-2020.herokuapp.com fwd="208.85.211.196" dyno=web.1 connect=3ms service=11ms status=404 bytes=1163
2013-06-27T20:01:23.004189+00:00 heroku[router]: at=info method=GET path=/favicon.ico host=dry-river-2020.herokuapp.com fwd="208.85.211.196" dyno=web.1 connect=3ms service=26ms status=404 bytes=1167
2013-06-27T20:01:21.921045+00:00 heroku[router]: at=info method=GET path=/ host=dry-river-2020.herokuapp.com fwd="208.85.211.196" dyno=web.1 connect=1ms service=21ms status=200 bytes=1653
2013-06-27T20:02:19.905841+00:00 heroku[router]: at=info method=GET path=/a host=dry-river-2020.herokuapp.com fwd="208.85.211.196" dyno=web.1 connect=29ms service=26ms status=404 bytes=1159
2013-06-27T20:02:21.144558+00:00 heroku[router]: at=info method=GET path=/favicon.ico host=dry-river-2020.herokuapp.com fwd="208.85.211.196" dyno=web.1 connect=0ms service=17ms status=404 bytes=1161
2013-06-27T20:02:46.387745+00:00 heroku[router]: at=info method=GET path=/a host=dry-river-2020.herokuapp.com fwd="24.148.5.117" dyno=web.1 connect=1ms service=12ms status=404 bytes=1159
2013-06-27T20:02:47.198023+00:00 heroku[router]: at=info method=GET path=/favicon.ico host=dry-river-2020.herokuapp.com fwd="24.148.5.117" dyno=web.1 connect=3ms service=13ms status=404 bytes=1161
